~~~~~~ Initial ~~~~~~
╔═════════════╗
║ 2 . 3 . . . ║
║ 5 . . . 3 . ║
║ . . 4 . . . ║
║ . . . 5 . . ║
║ . 5 . . . 3 ║
║ . . . 4 . 1 ║
╚═════════════╝
~~~*~~ Solved! ~~*~~~
╔═════════════╗
║ 2 6 3 1 5 4 ║
║ 5 4 1 6 3 2 ║
║ 6 1 4 3 2 5 ║
║ 4 3 2 5 1 6 ║
║ 1 5 6 2 4 3 ║
║ 3 2 5 4 6 1 ║
╚═════════════╝
